fetchgit {
  url = "https://github.com/nix-community/nurl";
  rev = "v0.3.0";
  hash = "sha256-jZ+cCp1THDhfHH5yMmRPjGuthOqsgcF/3OjZ61FMdA4=";
}