fetchgit {
  url = "git://git.kernel.org/pub/scm/linux/kernel/git/jejb/efitools.git";
  rev = "v1.9.0";
  hash = "sha256-W38CWoPnkt0+VkVp+uW+sjWjo6MXYq2eTXRxWKyQph8=";
}