fetchhg {
  url = "http://www.octave.org/hg/octave";
  rev = "release-7-1-0";
  sha256 = "sha256-zNpgpPPGAoIpSIRx39wJpEyLbxjJBsnFjUy47hGiZLs=";
  fetchSubrepos = true;
}