{"args":{"fetchSubmodules":true,"hash":"sha256-O42sNIFDi2Dv6KWkBynrR60RABCAitSVTp42W6w0tcg=","owner":"Koihik","repo":"LuaFormatter","rev":"1.3.0"},"fetcher":"fetchFromGitHub"}