sha256-jZ+cCp1THDhfHH5yMmRPjGuthOqsgcF/3OjZ61FMdA4=