{"args":{"owner":"nix-community","repo":"nurl","rev":"v0.3.0"},"fetcher":"fetchFromGitHub"}